<?xml version="1.0" encoding="UTF-8"?>
<testsuites>
  <testsuite name="/home/candido/Projects/15SOAT-Fase1/phpunit.xml" tests="5" assertions="8" errors="0" failures="0" skipped="0" time="0.157760">
    <testsuite name="Unit" tests="3" assertions="5" errors="0" failures="0" skipped="0" time="0.016345">
      <testsuite name="Tests\Unit\AssignCorrelationIdTest" file="/home/candido/Projects/15SOAT-Fase1/tests/Unit/AssignCorrelationIdTest.php" tests="3" assertions="5" errors="0" failures="0" skipped="0" time="0.016345">
        <testcase name="test_generates_a_correlation_id_when_no_header_is_present" file="/home/candido/Projects/15SOAT-Fase1/tests/Unit/AssignCorrelationIdTest.php" line="36" class="Tests\Unit\AssignCorrelationIdTest" classname="Tests.Unit.AssignCorrelationIdTest" assertions="2" time="0.014862"/>
        <testcase name="test_reuses_the_incoming_gateway_header_instead_of_generating_a_new_id" file="/home/candido/Projects/15SOAT-Fase1/tests/Unit/AssignCorrelationIdTest.php" line="48" class="Tests\Unit\AssignCorrelationIdTest" classname="Tests.Unit.AssignCorrelationIdTest" assertions="2" time="0.000790"/>
        <testcase name="test_adds_the_correlation_id_to_the_log_context" file="/home/candido/Projects/15SOAT-Fase1/tests/Unit/AssignCorrelationIdTest.php" line="60" class="Tests\Unit\AssignCorrelationIdTest" classname="Tests.Unit.AssignCorrelationIdTest" assertions="1" time="0.000693"/>
      </testsuite>
    </testsuite>
    <testsuite name="Feature" tests="2" assertions="3" errors="0" failures="0" skipped="0" time="0.141415">
      <testsuite name="Tests\Feature\CorrelationIdTest" file="/home/candido/Projects/15SOAT-Fase1/tests/Feature/CorrelationIdTest.php" tests="2" assertions="3" errors="0" failures="0" skipped="0" time="0.141415">
        <testcase name="test_response_carries_a_correlation_id_header" file="/home/candido/Projects/15SOAT-Fase1/tests/Feature/CorrelationIdTest.php" line="10" class="Tests\Feature\CorrelationIdTest" classname="Tests.Feature.CorrelationIdTest" assertions="1" time="0.115447"/>
        <testcase name="test_response_reuses_the_gateway_supplied_correlation_id" file="/home/candido/Projects/15SOAT-Fase1/tests/Feature/CorrelationIdTest.php" line="17" class="Tests\Feature\CorrelationIdTest" classname="Tests.Feature.CorrelationIdTest" assertions="2" time="0.025968"/>
      </testsuite>
    </testsuite>
  </testsuite>
</testsuites>
